// Jest Snapshot v1, https://goo.gl/fbAQLP

exports[`component renders and takes snapshot 1`] = `
<div>
  <div
    class="board-modal-container"
  >
    <div
      class="board-modal-content"
    >
      <div
        class="board-modal-title"
      >
        <div />
      </div>
      <div
        class="board-modal-body"
      >
        <input
          class="board-modal-input"
          placeholder="Board name"
          value=""
        />
      </div>
      <div
        class="board-modal-footer"
      >
        <div
          class="board-modal-button
                            board-modal-button-confirm-invalid"
        >
          Confirm
        </div>
        <div
          class="board-modal-button board-modal-button-close"
        >
          Close
        </div>
      </div>
    </div>
  </div>
</div>
`;
