// Jest Snapshot v1, https://goo.gl/fbAQLP

exports[`component renders and takes snapshot 1`] = `
<div>
  <div
    class="board-card-container board-card-color-default"
  >
    <div
      class="board-card-text false"
      title="Create a new Board"
    >
      Create a new Board
    </div>
  </div>
</div>
`;
