// Jest Snapshot v1, https://goo.gl/fbAQLP

exports[`component renders and takes snapshot 1`] = `
<div>
  <div
    class="titlebar-container"
  >
    <div
      class="titlebar-image-container"
    >
      <img
        alt="Boards"
        class="titlebar-image"
        data-testid="img"
        src="/boards.png"
      />
    </div>
    <div
      class="titlebar-title"
      data-testid="title"
    >
      Trello's Fratello
    </div>
  </div>
</div>
`;
